// Jest Snapshot v1, https://goo.gl/fbAQLP

exports[`should render Header correctly 1`] = `
<div
  className="header"
>
  <div
    className="content-container"
  >
    <div
      className="header__content"
    >
      <Link
        className="header__title"
        replace={false}
        to="/dashboard"
      >
        <h1>
          Sum of All things
        </h1>
      </Link>
      <button
        className="button button--link"
        onClick={[Function]}
      >
        Logout
      </button>
    </div>
    <div
      className="header__navigation"
    >
      <div
        className="button-material-primary"
      >
        <WithStyles(Button)
          color="primary"
          component={[Function]}
          to="/clients"
          variant="contained"
        >
          Clients
        </WithStyles(Button)>
      </div>
    </div>
  </div>
</div>
`;
