// Jest Snapshot v1, https://goo.gl/fbAQLP

exports[`should render ScheduleDashboard correctly 1`] = `
<div
  className="content-container"
>
  <ScheduleList
    schedules={Array []}
  />
</div>
`;
