// Jest Snapshot v1, https://goo.gl/fbAQLP

exports[`render add schedule page correctly 1`] = `
<div>
  <div
    className="page-header"
  >
    <div
      className="content-container"
    >
      <h1
        className="page-header__title"
      >
        Add Schedule
      </h1>
    </div>
  </div>
  <div
    className="content-container"
  >
    <ScheduleForm
      onSubmit={[Function]}
    />
  </div>
</div>
`;
