// Jest Snapshot v1, https://goo.gl/fbAQLP

exports[`should render ClientDashboard correctly 1`] = `
<div
  className="content-container"
>
  <ClientList
    clients={Array []}
  />
</div>
`;
